 ROTH_Test_sfun

 Timestamp is 5a2cece7 (Sun Dec 10 10:14:31 2017)

 Preferred load address is 0000000180000000

 Start         Length     Name                   Class
 0001:00000000 00029014H .text                   CODE
 0001:00029020 00000092H .text$x                 CODE
 0002:00000000 00000498H .idata$5                DATA
 0002:00000498 00000008H .CRT$XCA                DATA
 0002:000004a0 00000008H .CRT$XCZ                DATA
 0002:000004a8 00000008H .CRT$XIA                DATA
 0002:000004b0 00000008H .CRT$XIAA               DATA
 0002:000004b8 00000008H .CRT$XIZ                DATA
 0002:000004c0 000006b4H .rdata                  DATA
 0002:00000b78 00000008H .rtc$IAA                DATA
 0002:00000b80 00000008H .rtc$IZZ                DATA
 0002:00000b88 00000008H .rtc$TAA                DATA
 0002:00000b90 00000008H .rtc$TZZ                DATA
 0002:00000b98 000008e0H .xdata                  DATA
 0002:00001478 00000078H .idata$2                DATA
 0002:000014f0 00000014H .idata$3                DATA
 0002:00001508 00000498H .idata$4                DATA
 0002:000019a0 00000d1cH .idata$6                DATA
 0002:000026c0 00000054H .edata                  DATA
 0003:00000000 000036e8H .data                   DATA
 0003:000036f0 000007d0H .bss                    DATA
 0004:00000000 00000b1cH .pdata                  DATA

  Address         Publics by Value              Rva+Base               Lib:Object

 0000:00000000       ___safe_se_handler_count   0000000000000000     <absolute>
 0000:00000000       ___safe_se_handler_table   0000000000000000     <absolute>
 0000:00000000       __ImageBase                0000000180000000     <linker-defined>
 0001:00000000       ROTH_Test_initializer      0000000180001000 f   ROTH_Test_sfun.obj
 0001:00000010       ROTH_Test_terminator       0000000180001010 f   ROTH_Test_sfun.obj
 0001:00000020       sf_ROTH_Test_method_dispatcher 0000000180001020 f   ROTH_Test_sfun.obj
 0001:00000040       sf_ROTH_Test_process_check_sum_call 0000000180001040 f   ROTH_Test_sfun.obj
 0001:000003c0       sf_ROTH_Test_autoinheritance_info 00000001800013c0 f   ROTH_Test_sfun.obj
 0001:000004e0       sf_ROTH_Test_get_eml_resolved_functions_info 00000001800014e0 f   ROTH_Test_sfun.obj
 0001:000005c0       sf_ROTH_Test_third_party_uses_info 00000001800015c0 f   ROTH_Test_sfun.obj
 0001:000006e0       sf_ROTH_Test_jit_fallback_info 00000001800016e0 f   ROTH_Test_sfun.obj
 0001:00000800       sf_ROTH_Test_updateBuildInfo_args_info 0000000180001800 f   ROTH_Test_sfun.obj
 0001:00000920       ROTH_Test_debug_initialize 0000000180001920 f   ROTH_Test_sfun.obj
 0001:000009a0       ROTH_Test_register_exported_symbols 00000001800019a0 f   ROTH_Test_sfun.obj
 0001:000009b0       load_ROTH_Test_optimization_info 00000001800019b0 f   ROTH_Test_sfun.obj
 0001:00000a60       unload_ROTH_Test_optimization_info 0000000180001a60 f   ROTH_Test_sfun.obj
 0001:00000a90       sf_process_check_sum_call  0000000180001a90 f   ROTH_Test_sfun_registry.obj
 0001:00000b00       sf_process_autoinheritance_call 0000000180001b00 f   ROTH_Test_sfun_registry.obj
 0001:00000d40       sf_process_get_third_party_uses_info_call 0000000180001d40 f   ROTH_Test_sfun_registry.obj
 0001:00000f80       sf_process_get_jit_fallback_info_call 0000000180001f80 f   ROTH_Test_sfun_registry.obj
 0001:000011c0       sf_process_get_updateBuildInfo_args_info_call 00000001800021c0 f   ROTH_Test_sfun_registry.obj
 0001:00001400       sf_process_get_eml_resolved_functions_info_call 0000000180002400 f   ROTH_Test_sfun_registry.obj
 0001:000015f0       sf_mex_unlock_call         00000001800025f0 f   ROTH_Test_sfun_registry.obj
 0001:000016a0       sf_machine_global_initializer_called 00000001800026a0 f   ROTH_Test_sfun_registry.obj
 0001:000016d0       sf_machine_global_method_dispatcher 00000001800026d0 f   ROTH_Test_sfun_registry.obj
 0001:00001770       sf_machine_global_terminator 0000000180002770 f   ROTH_Test_sfun_registry.obj
 0001:000017c0       sf_register_machine_exported_symbols 00000001800027c0 f   ROTH_Test_sfun_registry.obj
 0001:000017f0       callCustomFcn              00000001800027f0 f   ROTH_Test_sfun_registry.obj
 0001:00001800       sf_machine_global_initializer 0000000180002800 f   ROTH_Test_sfun_registry.obj
 0001:00001890       mdlGetSimState             0000000180002890 f   ROTH_Test_sfun_registry.obj
 0001:000018d0       mdlSetSimState             00000001800028d0 f   ROTH_Test_sfun_registry.obj
 0001:00001910       _ssSetStateAbsTol          0000000180002910 f   ROTH_Test_sfun_registry.obj
 0001:000019f0       _ssGetAbsTol               00000001800029f0 f   ROTH_Test_sfun_registry.obj
 0001:00001a60       _ssSetInputPortMatrixDimensions 0000000180002a60 f   ROTH_Test_sfun_registry.obj
 0001:00001b70       _ssSetOutputPortMatrixDimensions 0000000180002b70 f   ROTH_Test_sfun_registry.obj
 0001:00001c80       _ssSetInputPortVectorDimension 0000000180002c80 f   ROTH_Test_sfun_registry.obj
 0001:00001d50       _ssSetOutputPortVectorDimension 0000000180002d50 f   ROTH_Test_sfun_registry.obj
 0001:00001e20       _ssSetSymbolicDimsSupport  0000000180002e20 f   ROTH_Test_sfun_registry.obj
 0001:00001e90       _ssRegisterSymbolicDimsExpr 0000000180002e90 f   ROTH_Test_sfun_registry.obj
 0001:00001f10       _ssRegisterSymbolicDims    0000000180002f10 f   ROTH_Test_sfun_registry.obj
 0001:00001fb0       _ssRegisterSymbolicDimsString 0000000180002fb0 f   ROTH_Test_sfun_registry.obj
 0001:00002030       _ssRegisterSymbolicDimsIntValue 0000000180003030 f   ROTH_Test_sfun_registry.obj
 0001:000020a0       _ssRegisterSymbolicDimsPlus 00000001800030a0 f   ROTH_Test_sfun_registry.obj
 0001:00002120       _ssRegisterSymbolicDimsMinus 0000000180003120 f   ROTH_Test_sfun_registry.obj
 0001:000021a0       _ssRegisterSymbolicDimsMultiply 00000001800031a0 f   ROTH_Test_sfun_registry.obj
 0001:00002220       _ssRegisterSymbolicDimsDivide 0000000180003220 f   ROTH_Test_sfun_registry.obj
 0001:000022a0       _ssGetNumSymbolicDims      00000001800032a0 f   ROTH_Test_sfun_registry.obj
 0001:00002310       _ssGetSymbolicDim          0000000180003310 f   ROTH_Test_sfun_registry.obj
 0001:00002390       _ssSetInputPortSymbolicDimsId 0000000180003390 f   ROTH_Test_sfun_registry.obj
 0001:00002400       _ssGetCompInputPortSymbolicDimsId 0000000180003400 f   ROTH_Test_sfun_registry.obj
 0001:00002470       _ssSetCompInputPortSymbolicDimsId 0000000180003470 f   ROTH_Test_sfun_registry.obj
 0001:000024e0       _ssSetOutputPortSymbolicDimsId 00000001800034e0 f   ROTH_Test_sfun_registry.obj
 0001:00002550       _ssGetCompOutputPortSymbolicDimsId 0000000180003550 f   ROTH_Test_sfun_registry.obj
 0001:000025c0       _ssSetCompOutputPortSymbolicDimsId 00000001800035c0 f   ROTH_Test_sfun_registry.obj
 0001:00002630       _ssSetCompDWorkSymbolicDimsId 0000000180003630 f   ROTH_Test_sfun_registry.obj
 0001:000026a0       ssIsRunTimeParamTunable    00000001800036a0 f   ROTH_Test_sfun_registry.obj
 0001:00002710       ssGetSFuncBlockHandle      0000000180003710 f   ROTH_Test_sfun_registry.obj
 0001:00002780       _ssGetCurrentInputPortWidth 0000000180003780 f   ROTH_Test_sfun_registry.obj
 0001:000028a0       _ssGetCurrentOutputPortWidth 00000001800038a0 f   ROTH_Test_sfun_registry.obj
 0001:000029c0       _ssGetCallSystemNumFcnCallDestinations 00000001800039c0 f   ROTH_Test_sfun_registry.obj
 0001:00002a30       ssGetParameterTuningCompliance 0000000180003a30 f   ROTH_Test_sfun_registry.obj
 0001:00002aa0       ssWarning                  0000000180003aa0 f   ROTH_Test_sfun_registry.obj
 0001:00002bb0       ssGetIsZeroCrossControlDisabled 0000000180003bb0 f   ROTH_Test_sfun_registry.obj
 0001:00002c20       ssSetIsInputPortUsedForContZcSignal 0000000180003c20 f   ROTH_Test_sfun_registry.obj
 0001:00002c90       ssSetZcSignalIsZcElementDisc 0000000180003c90 f   ROTH_Test_sfun_registry.obj
 0001:00002d40       ssSetZcSignalName          0000000180003d40 f   ROTH_Test_sfun_registry.obj
 0001:00002db0       ssSetZcSignalWidth         0000000180003db0 f   ROTH_Test_sfun_registry.obj
 0001:00002e20       ssSetZcSignalZcEventType   0000000180003e20 f   ROTH_Test_sfun_registry.obj
 0001:00002e90       ssSetZcSignalType          0000000180003e90 f   ROTH_Test_sfun_registry.obj
 0001:00002f00       ssSetZcSignalZcTol         0000000180003f00 f   ROTH_Test_sfun_registry.obj
 0001:00002f70       ssSetZcSignalNeedsEventNotification 0000000180003f70 f   ROTH_Test_sfun_registry.obj
 0001:00002fe0       ssCreateAndAddZcSignalInfo 0000000180003fe0 f   ROTH_Test_sfun_registry.obj
 0001:00003050       ssCloneAndAddZcSignalInfo  0000000180004050 f   ROTH_Test_sfun_registry.obj
 0001:000030c0       ssGetNumZcSignals          00000001800040c0 f   ROTH_Test_sfun_registry.obj
 0001:00003130       ssGetZcSignalVector        0000000180004130 f   ROTH_Test_sfun_registry.obj
 0001:000031a0       ssGetZcSignalZcEvents      00000001800041a0 f   ROTH_Test_sfun_registry.obj
 0001:00003210       ssGetZcSignalName          0000000180004210 f   ROTH_Test_sfun_registry.obj
 0001:00003280       ssGetZcSignalWidth         0000000180004280 f   ROTH_Test_sfun_registry.obj
 0001:000032f0       ssGetZcSignalZcEventType   00000001800042f0 f   ROTH_Test_sfun_registry.obj
 0001:00003360       ssGetZcSignalType          0000000180004360 f   ROTH_Test_sfun_registry.obj
 0001:000033d0       ssGetZcSignalZcTol         00000001800043d0 f   ROTH_Test_sfun_registry.obj
 0001:00003450       ssGetZcSignalNeedsEventNotification 0000000180004450 f   ROTH_Test_sfun_registry.obj
 0001:000034c0       ssGetZcSignalIsZcElementDisc 00000001800044c0 f   ROTH_Test_sfun_registry.obj
 0001:00003560       ssGetIsInputPortElementContinuous 0000000180004560 f   ROTH_Test_sfun_registry.obj
 0001:00003600       _ssGetInputPortSignalPtrsFcn 0000000180004600 f   ROTH_Test_sfun_registry.obj
 0001:00003980       _ssGetInputPortSignalFcn   0000000180004980 f   ROTH_Test_sfun_registry.obj
 0001:00003c60       _ssSetInputPortDirectFeedThroughFcn 0000000180004c60 f   ROTH_Test_sfun_registry.obj
 0001:00003e10       _ssSetInputPortReusableFcn 0000000180004e10 f   ROTH_Test_sfun_registry.obj
 0001:00003f00       _ssSetOutputPortReusableFcn 0000000180004f00 f   ROTH_Test_sfun_registry.obj
 0001:00003fe0       ssGetDTypeIdFromMxArray    0000000180004fe0 f   ROTH_Test_sfun_registry.obj
 0001:00004100       ssWriteRTWStr              0000000180005100 f   ROTH_Test_sfun_registry.obj
 0001:00004160       ssWriteRTWMxVectParam      0000000180005160 f   ROTH_Test_sfun_registry.obj
 0001:000041c0       ssWriteRTWMx2dMatParam     00000001800051c0 f   ROTH_Test_sfun_registry.obj
 0001:00004240       ssWriteRTWNameValuePair    0000000180005240 f   ROTH_Test_sfun_registry.obj
 0001:00004730       ssWriteRTWParameters       0000000180005730 f   ROTH_Test_sfun_registry.obj
 0001:00004d30       ssWriteRTWParamSettings    0000000180005d30 f   ROTH_Test_sfun_registry.obj
 0001:00005400       ssWriteRTWWorkVect         0000000180006400 f   ROTH_Test_sfun_registry.obj
 0001:00005900       mexFunction                0000000180006900 f   ROTH_Test_sfun_registry.obj
 0001:00008110       ProcessMexSfunctionEveryCall 0000000180009110 f   ROTH_Test_sfun_registry.obj
 0001:000082b0       ROTH_initializer           00000001800092b0 f   ROTH_sfun:ROTH_sfun.obj
 0001:000082c0       ROTH_terminator            00000001800092c0 f   ROTH_sfun:ROTH_sfun.obj
 0001:000082d0       sf_ROTH_method_dispatcher  00000001800092d0 f   ROTH_sfun:ROTH_sfun.obj
 0001:00008340       sf_ROTH_process_check_sum_call 0000000180009340 f   ROTH_sfun:ROTH_sfun.obj
 0001:00008620       sf_ROTH_autoinheritance_info 0000000180009620 f   ROTH_sfun:ROTH_sfun.obj
 0001:000087e0       sf_ROTH_get_eml_resolved_functions_info 00000001800097e0 f   ROTH_sfun:ROTH_sfun.obj
 0001:00008950       sf_ROTH_third_party_uses_info 0000000180009950 f   ROTH_sfun:ROTH_sfun.obj
 0001:00008ad0       sf_ROTH_jit_fallback_info  0000000180009ad0 f   ROTH_sfun:ROTH_sfun.obj
 0001:00008c50       sf_ROTH_updateBuildInfo_args_info 0000000180009c50 f   ROTH_sfun:ROTH_sfun.obj
 0001:00008dd0       ROTH_debug_initialize      0000000180009dd0 f   ROTH_sfun:ROTH_sfun.obj
 0001:00008e60       ROTH_register_exported_symbols 0000000180009e60 f   ROTH_sfun:ROTH_sfun.obj
 0001:00008e70       load_ROTH_optimization_info 0000000180009e70 f   ROTH_sfun:ROTH_sfun.obj
 0001:00008f20       unload_ROTH_optimization_info 0000000180009f20 f   ROTH_sfun:ROTH_sfun.obj
 0001:00008f50       sf_c5_ROTH_get_eml_resolved_functions_info 0000000180009f50 f   ROTH_sfun:c5_ROTH.obj
 0001:00008fd0       sf_c5_ROTH_get_check_sum   0000000180009fd0 f   ROTH_sfun:c5_ROTH.obj
 0001:00009050       sf_c5_ROTH_get_autoinheritance_info 000000018000a050 f   ROTH_sfun:c5_ROTH.obj
 0001:000098a0       sf_c5_ROTH_third_party_uses_info 000000018000a8a0 f   ROTH_sfun:c5_ROTH.obj
 0001:000098d0       sf_c5_ROTH_jit_fallback_info 000000018000a8d0 f   ROTH_sfun:c5_ROTH.obj
 0001:00009a10       sf_c5_ROTH_updateBuildInfo_args_info 000000018000aa10 f   ROTH_sfun:c5_ROTH.obj
 0001:00009a40       sf_c5_ROTH_get_post_codegen_info 000000018000aa40 f   ROTH_sfun:c5_ROTH.obj
 0001:00009b10       c5_ROTH_method_dispatcher  000000018000ab10 f   ROTH_sfun:c5_ROTH.obj
 0001:0000e500       sf_c2_ROTH_get_eml_resolved_functions_info 000000018000f500 f   ROTH_sfun:c2_ROTH.obj
 0001:0000e580       sf_c2_ROTH_get_check_sum   000000018000f580 f   ROTH_sfun:c2_ROTH.obj
 0001:0000e600       sf_c2_ROTH_get_autoinheritance_info 000000018000f600 f   ROTH_sfun:c2_ROTH.obj
 0001:00010590       sf_c2_ROTH_third_party_uses_info 0000000180011590 f   ROTH_sfun:c2_ROTH.obj
 0001:000105c0       sf_c2_ROTH_jit_fallback_info 00000001800115c0 f   ROTH_sfun:c2_ROTH.obj
 0001:00010700       sf_c2_ROTH_updateBuildInfo_args_info 0000000180011700 f   ROTH_sfun:c2_ROTH.obj
 0001:00010730       sf_c2_ROTH_get_post_codegen_info 0000000180011730 f   ROTH_sfun:c2_ROTH.obj
 0001:00010800       c2_ROTH_method_dispatcher  0000000180011800 f   ROTH_sfun:c2_ROTH.obj
 0001:0002839a       sf_debug_set_machine_data_thresholds 000000018002939a f   sf_runtime:sf_runtime.dll
 0001:000283a0       sf_debug_set_machine_event_thresholds 00000001800293a0 f   sf_runtime:sf_runtime.dll
 0001:000283a6       sf_debug_initialize_machine 00000001800293a6 f   sf_runtime:sf_runtime.dll
 0001:000283ac       sf_load_rtw_optimization_info 00000001800293ac f   sf_runtime:sf_runtime.dll
 0001:000283b2       sf_debug_terminate         00000001800293b2 f   sf_runtime:sf_runtime.dll
 0001:000283b8       sf_debug_create_debug_instance_struct 00000001800293b8 f   sf_runtime:sf_runtime.dll
 0001:000283be       sim_mode_is_rtw_gen        00000001800293be f   sf_runtime:sf_runtime.dll
 0001:000283c4       sf_get_ChartInfoStruct_CodeGen 00000001800293c4 f   sf_runtime:sf_runtime.dll
 0001:000283ca       sf_debug_api               00000001800293ca f   sf_runtime:sf_runtime.dll
 0001:000283d0       callMdlMethodAndReportError 00000001800293d0 f   sf_runtime:sf_runtime.dll
 0001:000283d6       sf_set_compiledInfo        00000001800293d6 f   sf_runtime:sf_runtime.dll
 0001:000283dc       call_sf_machine_global_method_dispatcher 00000001800293dc f   sf_runtime:sf_runtime.dll
 0001:000283e2       sf_clear_error_manager_info 00000001800293e2 f   sf_runtime:sf_runtime.dll
 0001:000283e8       sf_mex_error_direct_call   00000001800293e8 f   sf_runtime:sf_runtime.dll
 0001:000283ee       sf_get_isEnhancedMooreMachine 00000001800293ee f   sf_runtime:sf_runtime.dll
 0001:000283f4       sf_mex_assign              00000001800293f4 f   sf_runtime:sf_runtime.dll
 0001:000283fa       sf_mex_create              00000001800293fa f   sf_runtime:sf_runtime.dll
 0001:00028400       sf_mex_error_message       0000000180029400 f   sf_runtime:sf_runtime.dll
 0001:00028406       sf_get_chart_instance_ptr  0000000180029406 f   sf_runtime:sf_runtime.dll
 0001:0002840c       sf_set_rtw_dwork_info      000000018002940c f   sf_runtime:sf_runtime.dll
 0001:00028412       sf_mark_chart_reusable_outputs 0000000180029412 f   sf_runtime:sf_runtime.dll
 0001:00028418       sf_mark_chart_expressionable_inputs 0000000180029418 f   sf_runtime:sf_runtime.dll
 0001:0002841e       sf_update_buildInfo        000000018002941e f   sf_runtime:sf_runtime.dll
 0001:00028424       sf_set_chart_accesses_machine_info 0000000180029424 f   sf_runtime:sf_runtime.dll
 0001:0002842a       sf_rtw_info_uint_prop      000000018002942a f   sf_runtime:sf_runtime.dll
 0001:00028430       sf_is_chart_inlinable      0000000180029430 f   sf_runtime:sf_runtime.dll
 0001:00028436       sim_mode_is_modelref_sim   0000000180029436 f   sf_runtime:sf_runtime.dll
 0001:0002843c       sim_mode_is_external       000000018002943c f   sf_runtime:sf_runtime.dll
 0001:00028442       sf_init_ChartRunTimeInfo   0000000180029442 f   sf_runtime:sf_runtime.dll
 0001:00028448       ssGetInputPortSignal_wrapper 0000000180029448 f   sf_runtime:sf_runtime.dll
 0001:0002844e       ssGetOutputPortSignal_wrapper 000000018002944e f   sf_runtime:sf_runtime.dll
 0001:00028454       sf_mex_decode_encoded_mx_struct_array 0000000180029454 f   sf_runtime:sf_runtime.dll
 0001:0002845a       sf_debug_reset_current_state_configuration 000000018002945a f   sf_runtime:sf_runtime.dll
 0001:00028460       sf_debug_set_chart_data_compiled_props 0000000180029460 f   sf_runtime:sf_runtime.dll
 0001:00028466       sf_debug_cv_init_relationalop 0000000180029466 f   sf_runtime:sf_runtime.dll
 0001:0002846c       sf_debug_cv_init_trans     000000018002946c f   sf_runtime:sf_runtime.dll
 0001:00028472       sf_debug_cv_init_saturation 0000000180029472 f   sf_runtime:sf_runtime.dll
 0001:00028478       sf_debug_cv_init_state     0000000180029478 f   sf_runtime:sf_runtime.dll
 0001:0002847e       sf_debug_cv_init_chart     000000018002947e f   sf_runtime:sf_runtime.dll
 0001:00028484       sf_debug_set_chart_state_substate_count 0000000180029484 f   sf_runtime:sf_runtime.dll
 0001:0002848a       sf_debug_set_chart_substate_index 000000018002948a f   sf_runtime:sf_runtime.dll
 0001:00028490       sf_debug_set_chart_decomposition 0000000180029490 f   sf_runtime:sf_runtime.dll
 0001:00028496       sf_debug_set_chart_substate_count 0000000180029496 f   sf_runtime:sf_runtime.dll
 0001:0002849c       sf_debug_set_chart_state_info 000000018002949c f   sf_runtime:sf_runtime.dll
 0001:000284a2       sf_debug_set_chart_data_props 00000001800294a2 f   sf_runtime:sf_runtime.dll
 0001:000284a8       sf_debug_set_chart_event_thresholds 00000001800294a8 f   sf_runtime:sf_runtime.dll
 0001:000284ae       sf_debug_set_chart_disable_implicit_casting 00000001800294ae f   sf_runtime:sf_runtime.dll
 0001:000284b4       sf_debug_initialize_chart  00000001800294b4 f   sf_runtime:sf_runtime.dll
 0001:000284ba       sf_mex_destroy             00000001800294ba f   sf_runtime:sf_runtime.dll
 0001:000284c0       sf_mex_dup                 00000001800294c0 f   sf_runtime:sf_runtime.dll
 0001:000284c6       sf_mex_import              00000001800294c6 f   sf_runtime:sf_runtime.dll
 0001:000284cc       sf_debug_data_range_wrapper 00000001800294cc f   sf_runtime:sf_runtime.dll
 0001:000284d2       sf_get_output_port_reusable 00000001800294d2 f   sf_runtime:sf_runtime.dll
 0001:000284d8       sf_get_time                00000001800294d8 f   sf_runtime:sf_runtime.dll
 0001:000284de       sf_is_first_init_cond      00000001800294de f   sf_runtime:sf_runtime.dll
 0001:000284e4       sf_debug_set_instance_data_value_ptr 00000001800294e4 f   sf_runtime:sf_runtime.dll
 0001:000284ea       sf_debug_check_for_state_inconsistency 00000001800294ea f   sf_runtime:sf_runtime.dll
 0001:000284f0       sf_debug_symbol_scope_pop  00000001800294f0 f   sf_runtime:sf_runtime.dll
 0001:000284f6       cv_eval_relational         00000001800294f6 f   sf_runtime:sf_runtime.dll
 0001:000284fc       cv_eval_saturation         00000001800294fc f   sf_runtime:sf_runtime.dll
 0001:00028502       cv_eval_point              0000000180029502 f   sf_runtime:sf_runtime.dll
 0001:00028508       sf_debug_call              0000000180029508 f   sf_runtime:sf_runtime.dll
 0001:0002850e       sf_debug_symbol_scope_push 000000018002950e f   sf_runtime:sf_runtime.dll
 0001:00028514       sf_mex_setcell             0000000180029514 f   sf_runtime:sf_runtime.dll
 0001:0002851a       sf_mex_createcellmatrix    000000018002951a f   sf_runtime:sf_runtime.dll
 0001:00028520       sf_mex_getcell             0000000180029520 f   sf_runtime:sf_runtime.dll
 0001:00028526       sf_debug_animate           0000000180029526 f   sf_runtime:sf_runtime.dll
 0001:0002852c       sf_debug_set_honor_breakpoints 000000018002952c f   sf_runtime:sf_runtime.dll
 0001:00028532       sf_debug_set_animation     0000000180029532 f   sf_runtime:sf_runtime.dll
 0001:00028538       sf_debug_get_animation     0000000180029538 f   sf_runtime:sf_runtime.dll
 0001:0002853e       sf_mex_duplicatearraysafe  000000018002953e f   sf_runtime:sf_runtime.dll
 0001:00028544       sf_free_ChartRunTimeInfo   0000000180029544 f   sf_runtime:sf_runtime.dll
 0001:0002854a       sf_clear_rtw_identifier    000000018002954a f   sf_runtime:sf_runtime.dll
 0001:00028550       sf_array_bounds_check      0000000180029550 f   sf_runtime:sf_runtime.dll
 0001:00028556       mxGetScalar                0000000180029556 f   libmx:libmx.dll
 0001:0002855c       mxGetPr                    000000018002955c f   libmx:libmx.dll
 0001:00028562       mxCreateDoubleMatrix_730   0000000180029562 f   libmx:libmx.dll
 0001:00028568       mxGetString_730            0000000180029568 f   libmx:libmx.dll
 0001:0002856e       mxIsChar                   000000018002956e f   libmx:libmx.dll
 0001:00028574       mxDestroyArray             0000000180029574 f   libmx:libmx.dll
 0001:0002857a       mxCreateString             000000018002957a f   libmx:libmx.dll
 0001:00028580       mxGetClassID               0000000180029580 f   libmx:libmx.dll
 0001:00028586       mxIsNumeric                0000000180029586 f   libmx:libmx.dll
 0001:0002858c       mxIsComplex                000000018002958c f   libmx:libmx.dll
 0001:00028592       mxGetN                     0000000180029592 f   libmx:libmx.dll
 0001:00028598       mxGetM                     0000000180029598 f   libmx:libmx.dll
 0001:0002859e       mxCalloc                   000000018002959e f   libmx:libmx.dll
 0001:000285a4       mxDuplicateArray           00000001800295a4 f   libmx:libmx.dll
 0001:000285aa       mxCreateDoubleScalar       00000001800295aa f   libmx:libmx.dll
 0001:000285b0       mxSetField_730             00000001800295b0 f   libmx:libmx.dll
 0001:000285b6       mxCreateStructMatrix_730   00000001800295b6 f   libmx:libmx.dll
 0001:000285bc       mxCreateCellMatrix_730     00000001800295bc f   libmx:libmx.dll
 0001:000285c2       mxCreateCellArray_730      00000001800295c2 f   libmx:libmx.dll
 0001:000285c8       mxCreateStructArray_730    00000001800295c8 f   libmx:libmx.dll
 0001:000285ce       mexMakeArrayPersistent     00000001800295ce f   libmex:libmex.dll
 0001:000285d4       mexUnlock                  00000001800295d4 f   libmex:libmex.dll
 0001:000285da       mexIsLocked                00000001800295da f   libmex:libmex.dll
 0001:000285e0       mexWarnMsgTxt              00000001800295e0 f   libmex:libmex.dll
 0001:000285e6       mexCallMATLABWithObject    00000001800295e6 f   libmex:libmex.dll
 0001:000285ec       mexErrMsgTxt               00000001800295ec f   libmex:libmex.dll
 0001:000285f2       mexLock                    00000001800295f2 f   libmex:libmex.dll
 0001:000285f8       utMalloc                   00000001800295f8 f   libut:libut.dll
 0001:000285fe       utFree                     00000001800295fe f   libut:libut.dll
 0001:00028604       __GSHandlerCheckCommon     0000000180029604 f   MSVCRT:gshandler.obj
 0001:00028668       __GSHandlerCheck           0000000180029668 f   MSVCRT:gshandler.obj
 0001:00028686       strcmp                     0000000180029686 f   MSVCRT:MSVCR100.dll
 0001:000286a0       __security_check_cookie    00000001800296a0 f   MSVCRT:amdsecgs.obj
 0001:000286c0       free                       00000001800296c0 f   MSVCRT:MSVCR100.dll
 0001:000286c6       sprintf                    00000001800296c6 f   MSVCRT:MSVCR100.dll
 0001:000286cc       malloc                     00000001800296cc f   MSVCRT:MSVCR100.dll
 0001:000286d2       strlen                     00000001800296d2 f   MSVCRT:MSVCR100.dll
 0001:000286d8       strcat                     00000001800296d8 f   MSVCRT:MSVCR100.dll
 0001:000286de       memcpy                     00000001800296de f   MSVCRT:MSVCR100.dll
 0001:000286e4       NtCurrentTeb               00000001800296e4 f i MSVCRT:crtdll.obj
 0001:00028750       _CRT_INIT                  0000000180029750 f   MSVCRT:crtdll.obj
 0001:00028ae8       _DllMainCRTStartup         0000000180029ae8 f   MSVCRT:crtdll.obj
 0001:00028b26       memset                     0000000180029b26 f   MSVCRT:MSVCR100.dll
 0001:00028b2c       __report_gsfailure         0000000180029b2c f   MSVCRT:gs_report.obj
 0001:00028c78       __clean_type_info_names    0000000180029c78 f   MSVCRT:tncleanup.obj
 0001:00028c84       _onexit                    0000000180029c84 f   MSVCRT:atonexit.obj
 0001:00028d34       atexit                     0000000180029d34 f   MSVCRT:atonexit.obj
 0001:00028d4c       _RTC_Initialize            0000000180029d4c f   MSVCRT:_initsect_.obj
 0001:00028d84       _RTC_Terminate             0000000180029d84 f   MSVCRT:_initsect_.obj
 0001:00028dbc       _malloc_crt                0000000180029dbc f   MSVCRT:MSVCR100.dll
 0001:00028dd0       _ValidateImageBase         0000000180029dd0 f   MSVCRT:pesect.obj
 0001:00028e00       _FindPESection             0000000180029e00 f   MSVCRT:pesect.obj
 0001:00028e50       _IsNonwritableInCurrentImage 0000000180029e50 f   MSVCRT:pesect.obj
 0001:00028e92       _initterm                  0000000180029e92 f   MSVCRT:MSVCR100.dll
 0001:00028e98       _initterm_e                0000000180029e98 f   MSVCRT:MSVCR100.dll
 0001:00028e9e       _encoded_null              0000000180029e9e f   MSVCRT:MSVCR100.dll
 0001:00028ea4       _amsg_exit                 0000000180029ea4 f   MSVCRT:MSVCR100.dll
 0001:00028eaa       __C_specific_handler       0000000180029eaa f   MSVCRT:MSVCR100.dll
 0001:00028eb0       __CppXcptFilter            0000000180029eb0 f   MSVCRT:MSVCR100.dll
 0001:00028eb8       DllMain                    0000000180029eb8 f   MSVCRT:dllmain.obj
 0001:00028edc       __security_init_cookie     0000000180029edc f   MSVCRT:gs_support.obj
 0001:00028f90       __crt_debugger_hook        0000000180029f90 f   MSVCRT:MSVCR100.dll
 0001:00028f96       __clean_type_info_names_internal 0000000180029f96 f   MSVCRT:MSVCR100.dll
 0001:00028f9c       _unlock                    0000000180029f9c f   MSVCRT:MSVCR100.dll
 0001:00028fa2       __dllonexit                0000000180029fa2 f   MSVCRT:MSVCR100.dll
 0001:00028fa8       _lock                      0000000180029fa8 f   MSVCRT:MSVCR100.dll
 0001:00028fae       EncodePointer              0000000180029fae f   kernel32:KERNEL32.dll
 0001:00028fb4       DecodePointer              0000000180029fb4 f   kernel32:KERNEL32.dll
 0001:00028fba       Sleep                      0000000180029fba f   kernel32:KERNEL32.dll
 0001:00028fc0       TerminateProcess           0000000180029fc0 f   kernel32:KERNEL32.dll
 0001:00028fc6       GetCurrentProcess          0000000180029fc6 f   kernel32:KERNEL32.dll
 0001:00028fcc       UnhandledExceptionFilter   0000000180029fcc f   kernel32:KERNEL32.dll
 0001:00028fd2       SetUnhandledExceptionFilter 0000000180029fd2 f   kernel32:KERNEL32.dll
 0001:00028fd8       IsDebuggerPresent          0000000180029fd8 f   kernel32:KERNEL32.dll
 0001:00028fde       RtlVirtualUnwind           0000000180029fde f   kernel32:KERNEL32.dll
 0001:00028fe4       RtlLookupFunctionEntry     0000000180029fe4 f   kernel32:KERNEL32.dll
 0001:00028fea       RtlCaptureContext          0000000180029fea f   kernel32:KERNEL32.dll
 0001:00028ff0       DisableThreadLibraryCalls  0000000180029ff0 f   kernel32:KERNEL32.dll
 0001:00028ff6       QueryPerformanceCounter    0000000180029ff6 f   kernel32:KERNEL32.dll
 0001:00028ffc       GetTickCount               0000000180029ffc f   kernel32:KERNEL32.dll
 0001:00029002       GetCurrentThreadId         000000018002a002 f   kernel32:KERNEL32.dll
 0001:00029008       GetCurrentProcessId        000000018002a008 f   kernel32:KERNEL32.dll
 0001:0002900e       GetSystemTimeAsFileTime    000000018002a00e f   kernel32:KERNEL32.dll
 0002:00000000       __imp_GetCurrentProcessId  000000018002b000     kernel32:KERNEL32.dll
 0002:00000008       __imp_GetCurrentThreadId   000000018002b008     kernel32:KERNEL32.dll
 0002:00000010       __imp_GetTickCount         000000018002b010     kernel32:KERNEL32.dll
 0002:00000018       __imp_QueryPerformanceCounter 000000018002b018     kernel32:KERNEL32.dll
 0002:00000020       __imp_DisableThreadLibraryCalls 000000018002b020     kernel32:KERNEL32.dll
 0002:00000028       __imp_RtlCaptureContext    000000018002b028     kernel32:KERNEL32.dll
 0002:00000030       __imp_RtlLookupFunctionEntry 000000018002b030     kernel32:KERNEL32.dll
 0002:00000038       __imp_RtlVirtualUnwind     000000018002b038     kernel32:KERNEL32.dll
 0002:00000040       __imp_IsDebuggerPresent    000000018002b040     kernel32:KERNEL32.dll
 0002:00000048       __imp_SetUnhandledExceptionFilter 000000018002b048     kernel32:KERNEL32.dll
 0002:00000050       __imp_UnhandledExceptionFilter 000000018002b050     kernel32:KERNEL32.dll
 0002:00000058       __imp_GetCurrentProcess    000000018002b058     kernel32:KERNEL32.dll
 0002:00000060       __imp_TerminateProcess     000000018002b060     kernel32:KERNEL32.dll
 0002:00000068       __imp_Sleep                000000018002b068     kernel32:KERNEL32.dll
 0002:00000070       __imp_DecodePointer        000000018002b070     kernel32:KERNEL32.dll
 0002:00000078       __imp_EncodePointer        000000018002b078     kernel32:KERNEL32.dll
 0002:00000080       __imp_GetSystemTimeAsFileTime 000000018002b080     kernel32:KERNEL32.dll
 0002:00000088       \177KERNEL32_NULL_THUNK_DATA 000000018002b088     kernel32:KERNEL32.dll
 0002:00000090       __imp__onexit              000000018002b090     MSVCRT:MSVCR100.dll
 0002:00000098       __imp__lock                000000018002b098     MSVCRT:MSVCR100.dll
 0002:000000a0       __imp___dllonexit          000000018002b0a0     MSVCRT:MSVCR100.dll
 0002:000000a8       __imp__unlock              000000018002b0a8     MSVCRT:MSVCR100.dll
 0002:000000b0       __imp___clean_type_info_names_internal 000000018002b0b0     MSVCRT:MSVCR100.dll
 0002:000000b8       __imp___crt_debugger_hook  000000018002b0b8     MSVCRT:MSVCR100.dll
 0002:000000c0       __imp___CppXcptFilter      000000018002b0c0     MSVCRT:MSVCR100.dll
 0002:000000c8       __imp___C_specific_handler 000000018002b0c8     MSVCRT:MSVCR100.dll
 0002:000000d0       __imp__amsg_exit           000000018002b0d0     MSVCRT:MSVCR100.dll
 0002:000000d8       __imp__encoded_null        000000018002b0d8     MSVCRT:MSVCR100.dll
 0002:000000e0       __imp__initterm_e          000000018002b0e0     MSVCRT:MSVCR100.dll
 0002:000000e8       __imp__initterm            000000018002b0e8     MSVCRT:MSVCR100.dll
 0002:000000f0       __imp__malloc_crt          000000018002b0f0     MSVCRT:MSVCR100.dll
 0002:000000f8       __imp_memset               000000018002b0f8     MSVCRT:MSVCR100.dll
 0002:00000100       __imp_memcpy               000000018002b100     MSVCRT:MSVCR100.dll
 0002:00000108       __imp_strcat               000000018002b108     MSVCRT:MSVCR100.dll
 0002:00000110       __imp_strlen               000000018002b110     MSVCRT:MSVCR100.dll
 0002:00000118       __imp_malloc               000000018002b118     MSVCRT:MSVCR100.dll
 0002:00000120       __imp_sprintf              000000018002b120     MSVCRT:MSVCR100.dll
 0002:00000128       __imp_free                 000000018002b128     MSVCRT:MSVCR100.dll
 0002:00000130       __imp_strcmp               000000018002b130     MSVCRT:MSVCR100.dll
 0002:00000138       \177MSVCR100_NULL_THUNK_DATA 000000018002b138     MSVCRT:MSVCR100.dll
 0002:00000140       __imp_mexLock              000000018002b140     libmex:libmex.dll
 0002:00000148       __imp_mexErrMsgTxt         000000018002b148     libmex:libmex.dll
 0002:00000150       __imp_mexCallMATLABWithObject 000000018002b150     libmex:libmex.dll
 0002:00000158       __imp_mexWarnMsgTxt        000000018002b158     libmex:libmex.dll
 0002:00000160       __imp_mexIsLocked          000000018002b160     libmex:libmex.dll
 0002:00000168       __imp_mexUnlock            000000018002b168     libmex:libmex.dll
 0002:00000170       __imp_mexMakeArrayPersistent 000000018002b170     libmex:libmex.dll
 0002:00000178       \177libmex_NULL_THUNK_DATA 000000018002b178     libmex:libmex.dll
 0002:00000180       __imp_mxCreateStructArray_730 000000018002b180     libmx:libmx.dll
 0002:00000188       __imp_mxCreateCellArray_730 000000018002b188     libmx:libmx.dll
 0002:00000190       __imp_mxCreateCellMatrix_730 000000018002b190     libmx:libmx.dll
 0002:00000198       __imp_mxCreateStructMatrix_730 000000018002b198     libmx:libmx.dll
 0002:000001a0       __imp_mxSetField_730       000000018002b1a0     libmx:libmx.dll
 0002:000001a8       __imp_mxCreateDoubleScalar 000000018002b1a8     libmx:libmx.dll
 0002:000001b0       __imp_mxDuplicateArray     000000018002b1b0     libmx:libmx.dll
 0002:000001b8       __imp_mxCalloc             000000018002b1b8     libmx:libmx.dll
 0002:000001c0       __imp_mxGetM               000000018002b1c0     libmx:libmx.dll
 0002:000001c8       __imp_mxGetN               000000018002b1c8     libmx:libmx.dll
 0002:000001d0       __imp_mxIsComplex          000000018002b1d0     libmx:libmx.dll
 0002:000001d8       __imp_mxIsNumeric          000000018002b1d8     libmx:libmx.dll
 0002:000001e0       __imp_mxCreateString       000000018002b1e0     libmx:libmx.dll
 0002:000001e8       __imp_mxDestroyArray       000000018002b1e8     libmx:libmx.dll
 0002:000001f0       __imp_mxIsChar             000000018002b1f0     libmx:libmx.dll
 0002:000001f8       __imp_mxGetString_730      000000018002b1f8     libmx:libmx.dll
 0002:00000200       __imp_mxCreateDoubleMatrix_730 000000018002b200     libmx:libmx.dll
 0002:00000208       __imp_mxGetPr              000000018002b208     libmx:libmx.dll
 0002:00000210       __imp_mxGetScalar          000000018002b210     libmx:libmx.dll
 0002:00000218       __imp_mxGetClassID         000000018002b218     libmx:libmx.dll
 0002:00000220       \177libmx_NULL_THUNK_DATA  000000018002b220     libmx:libmx.dll
 0002:00000228       __imp_utMalloc             000000018002b228     libut:libut.dll
 0002:00000230       __imp_utFree               000000018002b230     libut:libut.dll
 0002:00000238       \177libut_NULL_THUNK_DATA  000000018002b238     libut:libut.dll
 0002:00000240       __imp_sf_clear_rtw_identifier 000000018002b240     sf_runtime:sf_runtime.dll
 0002:00000248       __imp_sf_debug_set_animation 000000018002b248     sf_runtime:sf_runtime.dll
 0002:00000250       __imp_sf_debug_set_honor_breakpoints 000000018002b250     sf_runtime:sf_runtime.dll
 0002:00000258       __imp_sf_debug_animate     000000018002b258     sf_runtime:sf_runtime.dll
 0002:00000260       __imp_sf_mex_getcell       000000018002b260     sf_runtime:sf_runtime.dll
 0002:00000268       __imp_sf_mex_createcellmatrix 000000018002b268     sf_runtime:sf_runtime.dll
 0002:00000270       __imp_sf_mex_setcell       000000018002b270     sf_runtime:sf_runtime.dll
 0002:00000278       __imp_sf_debug_symbol_scope_push 000000018002b278     sf_runtime:sf_runtime.dll
 0002:00000280       __imp_sf_debug_call        000000018002b280     sf_runtime:sf_runtime.dll
 0002:00000288       __imp_sf_get_chart_instance_ptr 000000018002b288     sf_runtime:sf_runtime.dll
 0002:00000290       __imp_cv_eval_point        000000018002b290     sf_runtime:sf_runtime.dll
 0002:00000298       __imp_cv_eval_saturation   000000018002b298     sf_runtime:sf_runtime.dll
 0002:000002a0       __imp_cv_eval_relational   000000018002b2a0     sf_runtime:sf_runtime.dll
 0002:000002a8       __imp_sf_debug_symbol_scope_pop 000000018002b2a8     sf_runtime:sf_runtime.dll
 0002:000002b0       __imp_sf_free_ChartRunTimeInfo 000000018002b2b0     sf_runtime:sf_runtime.dll
 0002:000002b8       __imp_sf_debug_set_instance_data_value_ptr 000000018002b2b8     sf_runtime:sf_runtime.dll
 0002:000002c0       __imp_sf_is_first_init_cond 000000018002b2c0     sf_runtime:sf_runtime.dll
 0002:000002c8       __imp_sf_get_time          000000018002b2c8     sf_runtime:sf_runtime.dll
 0002:000002d0       __imp_sf_get_output_port_reusable 000000018002b2d0     sf_runtime:sf_runtime.dll
 0002:000002d8       __imp_sf_debug_data_range_wrapper 000000018002b2d8     sf_runtime:sf_runtime.dll
 0002:000002e0       __imp_sf_mex_import        000000018002b2e0     sf_runtime:sf_runtime.dll
 0002:000002e8       __imp_sf_mex_dup           000000018002b2e8     sf_runtime:sf_runtime.dll
 0002:000002f0       __imp_sf_mex_destroy       000000018002b2f0     sf_runtime:sf_runtime.dll
 0002:000002f8       __imp_sf_debug_initialize_chart 000000018002b2f8     sf_runtime:sf_runtime.dll
 0002:00000300       __imp_sf_debug_set_chart_disable_implicit_casting 000000018002b300     sf_runtime:sf_runtime.dll
 0002:00000308       __imp_sf_debug_set_chart_event_thresholds 000000018002b308     sf_runtime:sf_runtime.dll
 0002:00000310       __imp_sf_debug_set_chart_data_props 000000018002b310     sf_runtime:sf_runtime.dll
 0002:00000318       __imp_sf_debug_set_chart_state_info 000000018002b318     sf_runtime:sf_runtime.dll
 0002:00000320       __imp_sf_debug_set_chart_substate_count 000000018002b320     sf_runtime:sf_runtime.dll
 0002:00000328       __imp_sf_debug_set_chart_decomposition 000000018002b328     sf_runtime:sf_runtime.dll
 0002:00000330       __imp_sf_debug_set_chart_substate_index 000000018002b330     sf_runtime:sf_runtime.dll
 0002:00000338       __imp_sf_mex_duplicatearraysafe 000000018002b338     sf_runtime:sf_runtime.dll
 0002:00000340       __imp_sf_debug_check_for_state_inconsistency 000000018002b340     sf_runtime:sf_runtime.dll
 0002:00000348       __imp_sf_debug_get_animation 000000018002b348     sf_runtime:sf_runtime.dll
 0002:00000350       __imp_sf_debug_set_chart_state_substate_count 000000018002b350     sf_runtime:sf_runtime.dll
 0002:00000358       __imp_sf_debug_cv_init_chart 000000018002b358     sf_runtime:sf_runtime.dll
 0002:00000360       __imp_sf_debug_cv_init_state 000000018002b360     sf_runtime:sf_runtime.dll
 0002:00000368       __imp_sf_debug_cv_init_saturation 000000018002b368     sf_runtime:sf_runtime.dll
 0002:00000370       __imp_sf_debug_cv_init_trans 000000018002b370     sf_runtime:sf_runtime.dll
 0002:00000378       __imp_sf_debug_cv_init_relationalop 000000018002b378     sf_runtime:sf_runtime.dll
 0002:00000380       __imp_sf_debug_set_chart_data_compiled_props 000000018002b380     sf_runtime:sf_runtime.dll
 0002:00000388       __imp_sf_debug_reset_current_state_configuration 000000018002b388     sf_runtime:sf_runtime.dll
 0002:00000390       __imp_sf_mex_decode_encoded_mx_struct_array 000000018002b390     sf_runtime:sf_runtime.dll
 0002:00000398       __imp_ssGetOutputPortSignal_wrapper 000000018002b398     sf_runtime:sf_runtime.dll
 0002:000003a0       __imp_ssGetInputPortSignal_wrapper 000000018002b3a0     sf_runtime:sf_runtime.dll
 0002:000003a8       __imp_sf_init_ChartRunTimeInfo 000000018002b3a8     sf_runtime:sf_runtime.dll
 0002:000003b0       __imp_sim_mode_is_external 000000018002b3b0     sf_runtime:sf_runtime.dll
 0002:000003b8       __imp_sim_mode_is_modelref_sim 000000018002b3b8     sf_runtime:sf_runtime.dll
 0002:000003c0       __imp_sf_is_chart_inlinable 000000018002b3c0     sf_runtime:sf_runtime.dll
 0002:000003c8       __imp_sf_rtw_info_uint_prop 000000018002b3c8     sf_runtime:sf_runtime.dll
 0002:000003d0       __imp_sf_set_chart_accesses_machine_info 000000018002b3d0     sf_runtime:sf_runtime.dll
 0002:000003d8       __imp_sf_update_buildInfo  000000018002b3d8     sf_runtime:sf_runtime.dll
 0002:000003e0       __imp_sf_mark_chart_expressionable_inputs 000000018002b3e0     sf_runtime:sf_runtime.dll
 0002:000003e8       __imp_sf_mark_chart_reusable_outputs 000000018002b3e8     sf_runtime:sf_runtime.dll
 0002:000003f0       __imp_sf_set_rtw_dwork_info 000000018002b3f0     sf_runtime:sf_runtime.dll
 0002:000003f8       __imp_sf_mex_error_message 000000018002b3f8     sf_runtime:sf_runtime.dll
 0002:00000400       __imp_sf_mex_create        000000018002b400     sf_runtime:sf_runtime.dll
 0002:00000408       __imp_sf_mex_assign        000000018002b408     sf_runtime:sf_runtime.dll
 0002:00000410       __imp_sf_get_isEnhancedMooreMachine 000000018002b410     sf_runtime:sf_runtime.dll
 0002:00000418       __imp_sf_mex_error_direct_call 000000018002b418     sf_runtime:sf_runtime.dll
 0002:00000420       __imp_sf_clear_error_manager_info 000000018002b420     sf_runtime:sf_runtime.dll
 0002:00000428       __imp_call_sf_machine_global_method_dispatcher 000000018002b428     sf_runtime:sf_runtime.dll
 0002:00000430       __imp_sf_set_compiledInfo  000000018002b430     sf_runtime:sf_runtime.dll
 0002:00000438       __imp_callMdlMethodAndReportError 000000018002b438     sf_runtime:sf_runtime.dll
 0002:00000440       __imp_sf_debug_api         000000018002b440     sf_runtime:sf_runtime.dll
 0002:00000448       __imp_sf_get_ChartInfoStruct_CodeGen 000000018002b448     sf_runtime:sf_runtime.dll
 0002:00000450       __imp_sim_mode_is_rtw_gen  000000018002b450     sf_runtime:sf_runtime.dll
 0002:00000458       __imp_sf_debug_create_debug_instance_struct 000000018002b458     sf_runtime:sf_runtime.dll
 0002:00000460       __imp_sf_debug_terminate   000000018002b460     sf_runtime:sf_runtime.dll
 0002:00000468       __imp_sf_load_rtw_optimization_info 000000018002b468     sf_runtime:sf_runtime.dll
 0002:00000470       __imp_sf_debug_initialize_machine 000000018002b470     sf_runtime:sf_runtime.dll
 0002:00000478       __imp_sf_debug_set_machine_event_thresholds 000000018002b478     sf_runtime:sf_runtime.dll
 0002:00000480       __imp_sf_array_bounds_check 000000018002b480     sf_runtime:sf_runtime.dll
 0002:00000488       __imp_sf_debug_set_machine_data_thresholds 000000018002b488     sf_runtime:sf_runtime.dll
 0002:00000490       \177sf_runtime_NULL_THUNK_DATA 000000018002b490     sf_runtime:sf_runtime.dll
 0002:00000498       __xc_a                     000000018002b498     MSVCRT:cinitexe.obj
 0002:000004a0       __xc_z                     000000018002b4a0     MSVCRT:cinitexe.obj
 0002:000004a8       __xi_a                     000000018002b4a8     MSVCRT:cinitexe.obj
 0002:000004b8       __xi_z                     000000018002b4b8     MSVCRT:cinitexe.obj
 0002:000004c0       __real@41c231b778800000    000000018002b4c0     ROTH_Test_sfun.obj
 0002:000004c8       __real@41e5b6e63c800000    000000018002b4c8     ROTH_Test_sfun.obj
 0002:000004d0       __real@41bb06350f000000    000000018002b4d0     ROTH_Test_sfun.obj
 0002:000004d8       __real@41ed3bb81aa00000    000000018002b4d8     ROTH_Test_sfun.obj
 0002:000004e0       __real@41da91fd70400000    000000018002b4e0     ROTH_Test_sfun.obj
 0002:000004e8       __real@41e1575dbcc00000    000000018002b4e8     ROTH_Test_sfun.obj
 0002:000004f0       __real@41db9ba3aac00000    000000018002b4f0     ROTH_Test_sfun.obj
 0002:000004f8       __real@41e03505f3800000    000000018002b4f8     ROTH_Test_sfun.obj
 0002:00000500       __real@41e36c034f000000    000000018002b500     ROTH_Test_sfun.obj
 0002:00000508       __real@41bdc6d576000000    000000018002b508     ROTH_Test_sfun.obj
 0002:00000510       __real@41e88bedc9800000    000000018002b510     ROTH_Test_sfun.obj
 0002:00000518       __real@41e6b971f0400000    000000018002b518     ROTH_Test_sfun.obj
 0002:00000520       DYNAMIC_DIMENSION_DEF      000000018002b520     ROTH_Test_sfun_registry.obj
 0002:00000540       _ssBadLevel2InputAccessMsg 000000018002b540     ROTH_Test_sfun_registry.obj
 0002:000006d0       _ssBadLevel2DirectFeedMsg  000000018002b6d0     ROTH_Test_sfun_registry.obj
 0002:00000810       _ssBadLevel2DirectFeedSolutionMsg 000000018002b810     ROTH_Test_sfun_registry.obj
 0002:00000880       _ssBadLevel2ZeroDirectFeedMsg 000000018002b880     ROTH_Test_sfun_registry.obj
 0002:000009c0       _ssBadLevel2ZeroDirectFeedMsg2 000000018002b9c0     ROTH_Test_sfun_registry.obj
 0002:00000aa8       __real@0000000000000000    000000018002baa8     ROTH_Test_sfun_registry.obj
 0002:00000ab0       __real@bff0000000000000    000000018002bab0     ROTH_Test_sfun_registry.obj
 0002:00000ab8       __real@41602cbca0000000    000000018002bab8     ROTH_Test_sfun_registry.obj
 0002:00000ac0       __real@41b0a8da76000000    000000018002bac0     ROTH_sfun:ROTH_sfun.obj
 0002:00000ac8       __real@41e1faddd3a00000    000000018002bac8     ROTH_sfun:ROTH_sfun.obj
 0002:00000ad0       __real@41de39ab51800000    000000018002bad0     ROTH_sfun:ROTH_sfun.obj
 0002:00000ad8       __real@41e151da3ee00000    000000018002bad8     ROTH_sfun:ROTH_sfun.obj
 0002:00000ae0       __real@41da065ff6400000    000000018002bae0     ROTH_sfun:c5_ROTH.obj
 0002:00000ae8       __real@41cb1980f1800000    000000018002bae8     ROTH_sfun:c5_ROTH.obj
 0002:00000af0       __real@41ea3bc47fe00000    000000018002baf0     ROTH_sfun:c5_ROTH.obj
 0002:00000af8       __real@41e6740278a00000    000000018002baf8     ROTH_sfun:c5_ROTH.obj
 0002:00000b00       __real@4008000000000000    000000018002bb00     ROTH_sfun:c5_ROTH.obj
 0002:00000b08       __real@4024000000000000    000000018002bb08     ROTH_sfun:c5_ROTH.obj
 0002:00000b10       __real@3ff0000000000000    000000018002bb10     ROTH_sfun:c5_ROTH.obj
 0002:00000b18       __real@4070000000000000    000000018002bb18     ROTH_sfun:c5_ROTH.obj
 0002:00000b20       __real@41daace5de800000    000000018002bb20     ROTH_sfun:c2_ROTH.obj
 0002:00000b28       __real@41ef95cadc200000    000000018002bb28     ROTH_sfun:c2_ROTH.obj
 0002:00000b30       __real@417e183790000000    000000018002bb30     ROTH_sfun:c2_ROTH.obj
 0002:00000b38       __real@41bb9d28c7000000    000000018002bb38     ROTH_sfun:c2_ROTH.obj
 0002:00000b40       __real@4033000000000000    000000018002bb40     ROTH_sfun:c2_ROTH.obj
 0002:00000b48       _pRawDllMain               000000018002bb48     MSVCRT:crtdll.obj
 0002:00000b48       _pDefaultRawDllMain        000000018002bb48     MSVCRT:crtdll.obj
 0002:00000b60       ?ProcessDetach@NativeDll@<CrtImplementationDetails>@@0IB 000000018002bb60     MSVCRT:tncleanup.obj
 0002:00000b64       ?ProcessAttach@NativeDll@<CrtImplementationDetails>@@0IB 000000018002bb64     MSVCRT:tncleanup.obj
 0002:00000b68       ?ThreadAttach@NativeDll@<CrtImplementationDetails>@@0IB 000000018002bb68     MSVCRT:tncleanup.obj
 0002:00000b6c       ?ThreadDetach@NativeDll@<CrtImplementationDetails>@@0IB 000000018002bb6c     MSVCRT:tncleanup.obj
 0002:00000b70       ?ProcessVerifier@NativeDll@<CrtImplementationDetails>@@0IB 000000018002bb70     MSVCRT:tncleanup.obj
 0002:00000b78       __rtc_iaa                  000000018002bb78     MSVCRT:_initsect_.obj
 0002:00000b80       __rtc_izz                  000000018002bb80     MSVCRT:_initsect_.obj
 0002:00000b88       __rtc_taa                  000000018002bb88     MSVCRT:_initsect_.obj
 0002:00000b90       __rtc_tzz                  000000018002bb90     MSVCRT:_initsect_.obj
 0002:00001478       __IMPORT_DESCRIPTOR_sf_runtime 000000018002c478     sf_runtime:sf_runtime.dll
 0002:0000148c       __IMPORT_DESCRIPTOR_libmx  000000018002c48c     libmx:libmx.dll
 0002:000014a0       __IMPORT_DESCRIPTOR_libmex 000000018002c4a0     libmex:libmex.dll
 0002:000014b4       __IMPORT_DESCRIPTOR_libut  000000018002c4b4     libut:libut.dll
 0002:000014c8       __IMPORT_DESCRIPTOR_MSVCR100 000000018002c4c8     MSVCRT:MSVCR100.dll
 0002:000014dc       __IMPORT_DESCRIPTOR_KERNEL32 000000018002c4dc     kernel32:KERNEL32.dll
 0002:000014f0       __NULL_IMPORT_DESCRIPTOR   000000018002c4f0     sf_runtime:sf_runtime.dll
 0003:000002f8       DYNAMIC_DIMENSION          000000018002e2f8     ROTH_Test_sfun_registry.obj
 0003:000036c0       __security_cookie          00000001800316c0     MSVCRT:gs_cookie.obj
 0003:000036c8       __security_cookie_complement 00000001800316c8     MSVCRT:gs_cookie.obj
 0003:000036d0       _fltused                   00000001800316d0     MSVCRT:dllsupp.obj
 0003:000036e0       __native_dllmain_reason    00000001800316e0     MSVCRT:natstart.obj
 0003:000036e4       __native_vcclrit_reason    00000001800316e4     MSVCRT:natstart.obj
 0003:000037c8       sfGlobalDebugInstanceStruct 00000001800317c8     ROTH_Test_sfun_registry.obj
 0003:00003e80       ?__type_info_root_node@@3U__type_info_node@@A 0000000180031e80     MSVCRT:tncleanup.obj
 0003:00003e90       _ROTH_TestMachineNumber_   0000000180031e90     <common>
 0003:00003e94       _ROTHMachineNumber_        0000000180031e94     <common>
 0003:00003e98       __native_startup_state     0000000180031e98     <common>
 0003:00003ea0       __native_startup_lock      0000000180031ea0     <common>
 0003:00003ea8       __onexitend                0000000180031ea8     <common>
 0003:00003eb0       __onexitbegin              0000000180031eb0     <common>
 0003:00003eb8       __dyn_tls_init_callback    0000000180031eb8     <common>

 entry point at        0001:00028ae8

 Static symbols

 0001:000038e0       _ssFatalError              00000001800048e0 f   ROTH_Test_sfun_registry.obj
 0001:00006cc0       ProcessMexSfunctionCmdLineCall 0000000180007cc0 f   ROTH_Test_sfun_registry.obj
 0001:00006e20       sf_debug_api_wrapper       0000000180007e20 f   ROTH_Test_sfun_registry.obj
 0001:00006e70       mdlStart                   0000000180007e70 f   ROTH_Test_sfun_registry.obj
 0001:00006ea0       mdl_start_processing       0000000180007ea0 f   ROTH_Test_sfun_registry.obj
 0001:00006f50       mdlTerminate               0000000180007f50 f   ROTH_Test_sfun_registry.obj
 0001:00006f80       mdl_terminate_processing   0000000180007f80 f   ROTH_Test_sfun_registry.obj
 0001:00007000       mdlInitializeSampleTimes   0000000180008000 f   ROTH_Test_sfun_registry.obj
 0001:00007030       mdlZeroCrossings           0000000180008030 f   ROTH_Test_sfun_registry.obj
 0001:00007060       mdl_zeroCrossings_processing 0000000180008060 f   ROTH_Test_sfun_registry.obj
 0001:000070a0       mdlDerivatives             00000001800080a0 f   ROTH_Test_sfun_registry.obj
 0001:000070d0       mdl_derivatives_processing 00000001800080d0 f   ROTH_Test_sfun_registry.obj
 0001:00007120       mdlInitializeConditions    0000000180008120 f   ROTH_Test_sfun_registry.obj
 0001:00007150       mdl_initialize_conditions_processing 0000000180008150 f   ROTH_Test_sfun_registry.obj
 0001:000071a0       mdlEnable                  00000001800081a0 f   ROTH_Test_sfun_registry.obj
 0001:000071d0       mdl_enable_processing      00000001800081d0 f   ROTH_Test_sfun_registry.obj
 0001:00007210       mdlDisable                 0000000180008210 f   ROTH_Test_sfun_registry.obj
 0001:00007240       mdl_disable_processing     0000000180008240 f   ROTH_Test_sfun_registry.obj
 0001:00007280       mdlOutputs                 0000000180008280 f   ROTH_Test_sfun_registry.obj
 0001:000072b0       mdl_outputs_processing     00000001800082b0 f   ROTH_Test_sfun_registry.obj
 0001:000073c0       mdl_outputs_continuous_legacy 00000001800083c0 f   ROTH_Test_sfun_registry.obj
 0001:000074b0       mdlUpdate                  00000001800084b0 f   ROTH_Test_sfun_registry.obj
 0001:000074e0       mdl_update_processing      00000001800084e0 f   ROTH_Test_sfun_registry.obj
 0001:00007530       mdlGetTimeOfNextVarHit     0000000180008530 f   ROTH_Test_sfun_registry.obj
 0001:00007580       _ProcessMexSfunctionCmdLineCall 0000000180008580 f   ROTH_Test_sfun_registry.obj
 0001:00007ce0       mdlSetWorkWidths           0000000180008ce0 f   ROTH_Test_sfun_registry.obj
 0001:00007d10       mdlProcessParameters       0000000180008d10 f   ROTH_Test_sfun_registry.obj
 0001:00007d40       mdlInitializeSizes         0000000180008d40 f   ROTH_Test_sfun_registry.obj
 0001:00007d70       mdlExtModeExec             0000000180008d70 f   ROTH_Test_sfun_registry.obj
 0001:00007da0       mdl_ext_mode_exec_processing 0000000180008da0 f   ROTH_Test_sfun_registry.obj
 0001:00007de0       mdlRTW                     0000000180008de0 f   ROTH_Test_sfun_registry.obj
 0001:00007e20       _CreateSimStruct           0000000180008e20 f   ROTH_Test_sfun_registry.obj
 0001:00008010       _RegNumInputPortsCB        0000000180009010 f   ROTH_Test_sfun_registry.obj
 0001:00008090       _RegNumOutputPortsCB       0000000180009090 f   ROTH_Test_sfun_registry.obj
 0001:00009b80       mdlProcessParameters_c5_ROTH 000000018000ab80 f   ROTH_sfun:c5_ROTH.obj
 0001:00009c40       initialize_params_c5_ROTH  000000018000ac40 f   ROTH_sfun:c5_ROTH.obj
 0001:00009c50       mdlSetWorkWidths_c5_ROTH   000000018000ac50 f   ROTH_sfun:c5_ROTH.obj
 0001:0000a250       sf_get_instance_specialization 000000018000b250 f   ROTH_sfun:c5_ROTH.obj
 0001:0000a260       mdlStart_c5_ROTH           000000018000b260 f   ROTH_sfun:c5_ROTH.obj
 0001:0000a4b0       mdl_start_c5_ROTH          000000018000b4b0 f   ROTH_sfun:c5_ROTH.obj
 0001:0000a4d0       c5_init_sf_message_store_memory 000000018000b4d0 f   ROTH_sfun:c5_ROTH.obj
 0001:0000a4e0       init_dsm_address_info      000000018000b4e0 f   ROTH_sfun:c5_ROTH.obj
 0001:0000a4f0       init_simulink_io_address   000000018000b4f0 f   ROTH_sfun:c5_ROTH.obj
 0001:0000a5a0       sf_get_sim_state_info_c5_ROTH 000000018000b5a0 f   ROTH_sfun:c5_ROTH.obj
 0001:0000a660       sf_opaque_get_hover_data_for_msg 000000018000b660 f   ROTH_sfun:c5_ROTH.obj
 0001:0000a690       sf_get_hover_data_for_msg  000000018000b690 f   ROTH_sfun:c5_ROTH.obj
 0001:0000a6b0       chart_debug_initialization 000000018000b6b0 f   ROTH_sfun:c5_ROTH.obj
 0001:0000b4b0       init_script_number_translation 000000018000c4b0 f   ROTH_sfun:c5_ROTH.obj
 0001:0000b4d0       c5_b_sf_marshallOut        000000018000c4d0 f   ROTH_sfun:c5_ROTH.obj
 0001:0000b580       c5_b_sf_marshallIn         000000018000c580 f   ROTH_sfun:c5_ROTH.obj
 0001:0000b630       c5_c_emlrt_marshallIn      000000018000c630 f   ROTH_sfun:c5_ROTH.obj
 0001:0000b6c0       c5_c_sf_marshallOut        000000018000c6c0 f   ROTH_sfun:c5_ROTH.obj
 0001:0000b770       c5_d_sf_marshallOut        000000018000c770 f   ROTH_sfun:c5_ROTH.obj
 0001:0000b820       sf_opaque_initialize_c5_ROTH 000000018000c820 f   ROTH_sfun:c5_ROTH.obj
 0001:0000b860       initialize_c5_ROTH         000000018000c860 f   ROTH_sfun:c5_ROTH.obj
 0001:0000b9e0       initSimStructsc5_ROTH      000000018000c9e0 f   ROTH_sfun:c5_ROTH.obj
 0001:0000b9f0       chart_debug_initialize_data_addresses 000000018000c9f0 f   ROTH_sfun:c5_ROTH.obj
 0001:0000bbd0       sf_opaque_enable_c5_ROTH   000000018000cbd0 f   ROTH_sfun:c5_ROTH.obj
 0001:0000bbf0       enable_c5_ROTH             000000018000cbf0 f   ROTH_sfun:c5_ROTH.obj
 0001:0000bc20       sf_opaque_disable_c5_ROTH  000000018000cc20 f   ROTH_sfun:c5_ROTH.obj
 0001:0000bc40       disable_c5_ROTH            000000018000cc40 f   ROTH_sfun:c5_ROTH.obj
 0001:0000bc70       sf_opaque_gateway_c5_ROTH  000000018000cc70 f   ROTH_sfun:c5_ROTH.obj
 0001:0000bc90       sf_gateway_c5_ROTH         000000018000cc90 f   ROTH_sfun:c5_ROTH.obj
 0001:0000d7d0       c5_set_sim_state_side_effects_c5_ROTH 000000018000e7d0 f   ROTH_sfun:c5_ROTH.obj
 0001:0000d8c0       sf_opaque_get_sim_state_c5_ROTH 000000018000e8c0 f   ROTH_sfun:c5_ROTH.obj
 0001:0000d8f0       get_sim_state_c5_ROTH      000000018000e8f0 f   ROTH_sfun:c5_ROTH.obj
 0001:0000db00       sf_opaque_set_sim_state_c5_ROTH 000000018000eb00 f   ROTH_sfun:c5_ROTH.obj
 0001:0000db30       set_sim_state_c5_ROTH      000000018000eb30 f   ROTH_sfun:c5_ROTH.obj
 0001:0000dc90       c5_update_debugger_state_c5_ROTH 000000018000ec90 f   ROTH_sfun:c5_ROTH.obj
 0001:0000e290       c5_b_emlrt_marshallIn      000000018000f290 f   ROTH_sfun:c5_ROTH.obj
 0001:0000e300       c5_d_emlrt_marshallIn      000000018000f300 f   ROTH_sfun:c5_ROTH.obj
 0001:0000e390       c5_e_emlrt_marshallIn      000000018000f390 f   ROTH_sfun:c5_ROTH.obj
 0001:0000e3f0       sf_opaque_terminate_c5_ROTH 000000018000f3f0 f   ROTH_sfun:c5_ROTH.obj
 0001:0000e490       finalize_c5_ROTH           000000018000f490 f   ROTH_sfun:c5_ROTH.obj
 0001:0000e4c0       mdlRTW_c5_ROTH             000000018000f4c0 f   ROTH_sfun:c5_ROTH.obj
 0001:00010870       mdlProcessParameters_c2_ROTH 0000000180011870 f   ROTH_sfun:c2_ROTH.obj
 0001:00010930       initialize_params_c2_ROTH  0000000180011930 f   ROTH_sfun:c2_ROTH.obj
 0001:00010940       mdlSetWorkWidths_c2_ROTH   0000000180011940 f   ROTH_sfun:c2_ROTH.obj
 0001:000112a0       sf_get_instance_specialization 00000001800122a0 f   ROTH_sfun:c2_ROTH.obj
 0001:000112b0       mdlStart_c2_ROTH           00000001800122b0 f   ROTH_sfun:c2_ROTH.obj
 0001:00011500       mdl_start_c2_ROTH          0000000180012500 f   ROTH_sfun:c2_ROTH.obj
 0001:00011520       c2_init_sf_message_store_memory 0000000180012520 f   ROTH_sfun:c2_ROTH.obj
 0001:00011530       init_dsm_address_info      0000000180012530 f   ROTH_sfun:c2_ROTH.obj
 0001:00011540       init_simulink_io_address   0000000180012540 f   ROTH_sfun:c2_ROTH.obj
 0001:00011810       sf_get_sim_state_info_c2_ROTH 0000000180012810 f   ROTH_sfun:c2_ROTH.obj
 0001:000118d0       sf_opaque_get_hover_data_for_msg 00000001800128d0 f   ROTH_sfun:c2_ROTH.obj
 0001:00011900       sf_get_hover_data_for_msg  0000000180012900 f   ROTH_sfun:c2_ROTH.obj
 0001:00011920       chart_debug_initialization 0000000180012920 f   ROTH_sfun:c2_ROTH.obj
 0001:000152c0       init_script_number_translation 00000001800162c0 f   ROTH_sfun:c2_ROTH.obj
 0001:000152e0       c2_b_sf_marshallOut        00000001800162e0 f   ROTH_sfun:c2_ROTH.obj
 0001:00015390       c2_b_sf_marshallIn         0000000180016390 f   ROTH_sfun:c2_ROTH.obj
 0001:00015440       c2_c_emlrt_marshallIn      0000000180016440 f   ROTH_sfun:c2_ROTH.obj
 0001:000154d0       c2_c_sf_marshallOut        00000001800164d0 f   ROTH_sfun:c2_ROTH.obj
 0001:00015580       c2_d_sf_marshallOut        0000000180016580 f   ROTH_sfun:c2_ROTH.obj
 0001:000156f0       sf_opaque_initialize_c2_ROTH 00000001800166f0 f   ROTH_sfun:c2_ROTH.obj
 0001:00015730       initialize_c2_ROTH         0000000180016730 f   ROTH_sfun:c2_ROTH.obj
 0001:000159b0       initSimStructsc2_ROTH      00000001800169b0 f   ROTH_sfun:c2_ROTH.obj
 0001:000159c0       chart_debug_initialize_data_addresses 00000001800169c0 f   ROTH_sfun:c2_ROTH.obj
 0001:00016190       sf_opaque_enable_c2_ROTH   0000000180017190 f   ROTH_sfun:c2_ROTH.obj
 0001:000161b0       enable_c2_ROTH             00000001800171b0 f   ROTH_sfun:c2_ROTH.obj
 0001:000161e0       sf_opaque_disable_c2_ROTH  00000001800171e0 f   ROTH_sfun:c2_ROTH.obj
 0001:00016200       disable_c2_ROTH            0000000180017200 f   ROTH_sfun:c2_ROTH.obj
 0001:00016230       sf_opaque_gateway_c2_ROTH  0000000180017230 f   ROTH_sfun:c2_ROTH.obj
 0001:00016250       sf_gateway_c2_ROTH         0000000180017250 f   ROTH_sfun:c2_ROTH.obj
 0001:000182a0       c2_set_sim_state_side_effects_c2_ROTH 00000001800192a0 f   ROTH_sfun:c2_ROTH.obj
 0001:00018360       c2_NoHit                   0000000180019360 f   ROTH_sfun:c2_ROTH.obj
 0001:000276e0       sf_opaque_get_sim_state_c2_ROTH 00000001800286e0 f   ROTH_sfun:c2_ROTH.obj
 0001:00027710       get_sim_state_c2_ROTH      0000000180028710 f   ROTH_sfun:c2_ROTH.obj
 0001:00027a50       sf_opaque_set_sim_state_c2_ROTH 0000000180028a50 f   ROTH_sfun:c2_ROTH.obj
 0001:00027a80       set_sim_state_c2_ROTH      0000000180028a80 f   ROTH_sfun:c2_ROTH.obj
 0001:00027c60       c2_update_debugger_state_c2_ROTH 0000000180028c60 f   ROTH_sfun:c2_ROTH.obj
 0001:00028130       c2_b_emlrt_marshallIn      0000000180029130 f   ROTH_sfun:c2_ROTH.obj
 0001:000281a0       c2_d_emlrt_marshallIn      00000001800291a0 f   ROTH_sfun:c2_ROTH.obj
 0001:00028230       c2_e_emlrt_marshallIn      0000000180029230 f   ROTH_sfun:c2_ROTH.obj
 0001:00028290       sf_opaque_terminate_c2_ROTH 0000000180029290 f   ROTH_sfun:c2_ROTH.obj
 0001:00028330       finalize_c2_ROTH           0000000180029330 f   ROTH_sfun:c2_ROTH.obj
 0001:00028360       mdlRTW_c2_ROTH             0000000180029360 f   ROTH_sfun:c2_ROTH.obj
 0001:000286f0       pre_c_init                 00000001800296f0 f   MSVCRT:crtdll.obj
 0001:000289ac       __DllMainCRTStartup        00000001800299ac f   MSVCRT:crtdll.obj
 0001:00029020       __DllMainCRTStartup$filt$0 000000018002a020 f   MSVCRT:crtdll.obj
 0001:00029050       __DllMainCRTStartup$fin$1  000000018002a050 f   MSVCRT:crtdll.obj
 0001:0002906a       _onexit$fin$0              000000018002a06a f   MSVCRT:atonexit.obj
 0001:00029090       _IsNonwritableInCurrentImage$filt$0 000000018002a090 f   MSVCRT:pesect.obj
